C:\Users\david\source\repos\panoramicdata\AutoTask.Psa.Api\AutoTask.Psa.Api.Test\ApiVersionTests.cs(3,14): error CS1591: Missing XML comment for publicly visible type or member 'ApiVersionTests' [C:\Users\david\source\repos\panoramicdata\AutoTask.Psa.Api\AutoTask.Psa.Api.Test\AutoTask.Psa.Api.Test.csproj]
C:\Users\david\source\repos\panoramicdata\AutoTask.Psa.Api\AutoTask.Psa.Api.Test\ApiVersionTests.cs(3,14): error CS1591: Missing XML comment for publicly visible type or member 'ApiVersionTests.ApiVersionTests(ITestOutputHelper, Fixture)' [C:\Users\david\source\repos\panoramicdata\AutoTask.Psa.Api\AutoTask.Psa.Api.Test\AutoTask.Psa.Api.Test.csproj]
C:\Users\david\source\repos\panoramicdata\AutoTask.Psa.Api\AutoTask.Psa.Api.Test\ApiVersionTests.cs(9,20): error CS1591: Missing XML comment for publicly visible type or member 'ApiVersionTests.GetAsync_Succeeds()' [C:\Users\david\source\repos\panoramicdata\AutoTask.Psa.Api\AutoTask.Psa.Api.Test\AutoTask.Psa.Api.Test.csproj]
C:\Users\david\source\repos\panoramicdata\AutoTask.Psa.Api\AutoTask.Psa.Api.Test\Config\AppSettings.cs(3,14): error CS1591: Missing XML comment for publicly visible type or member 'AppSettings' [C:\Users\david\source\repos\panoramicdata\AutoTask.Psa.Api\AutoTask.Psa.Api.Test\AutoTask.Psa.Api.Test.csproj]
C:\Users\david\source\repos\panoramicdata\AutoTask.Psa.Api\AutoTask.Psa.Api.Test\Config\AppSettings.cs(5,14): error CS1591: Missing XML comment for publicly visible type or member 'AppSettings.ServerId' [C:\Users\david\source\repos\panoramicdata\AutoTask.Psa.Api\AutoTask.Psa.Api.Test\AutoTask.Psa.Api.Test.csproj]
C:\Users\david\source\repos\panoramicdata\AutoTask.Psa.Api\AutoTask.Psa.Api.Test\Config\AppSettings.cs(7,17): error CS1591: Missing XML comment for publicly visible type or member 'AppSettings.Username' [C:\Users\david\source\repos\panoramicdata\AutoTask.Psa.Api\AutoTask.Psa.Api.Test\AutoTask.Psa.Api.Test.csproj]
C:\Users\david\source\repos\panoramicdata\AutoTask.Psa.Api\AutoTask.Psa.Api.Test\Config\AppSettings.cs(9,17): error CS1591: Missing XML comment for publicly visible type or member 'AppSettings.Password' [C:\Users\david\source\repos\panoramicdata\AutoTask.Psa.Api\AutoTask.Psa.Api.Test\AutoTask.Psa.Api.Test.csproj]
C:\Users\david\source\repos\panoramicdata\AutoTask.Psa.Api\AutoTask.Psa.Api.Test\Config\AppSettings.cs(11,17): error CS1591: Missing XML comment for publicly visible type or member 'AppSettings.IntegrationCode' [C:\Users\david\source\repos\panoramicdata\AutoTask.Psa.Api\AutoTask.Psa.Api.Test\AutoTask.Psa.Api.Test.csproj]
C:\Users\david\source\repos\panoramicdata\AutoTask.Psa.Api\AutoTask.Psa.Api.Test\DuplicateDeletionTests.cs(5,14): error CS1591: Missing XML comment for publicly visible type or member 'DuplicateDeletionTests' [C:\Users\david\source\repos\panoramicdata\AutoTask.Psa.Api\AutoTask.Psa.Api.Test\AutoTask.Psa.Api.Test.csproj]
C:\Users\david\source\repos\panoramicdata\AutoTask.Psa.Api\AutoTask.Psa.Api.Test\DuplicateDeletionTests.cs(5,14): error CS1591: Missing XML comment for publicly visible type or member 'DuplicateDeletionTests.DuplicateDeletionTests(ITestOutputHelper, Fixture)' [C:\Users\david\source\repos\panoramicdata\AutoTask.Psa.Api\AutoTask.Psa.Api.Test\AutoTask.Psa.Api.Test.csproj]
C:\Users\david\source\repos\panoramicdata\AutoTask.Psa.Api\AutoTask.Psa.Api.Test\DuplicateDeletionTests.cs(10,20): error CS1591: Missing XML comment for publicly visible type or member 'DuplicateDeletionTests.QueryAsync_WithString_Succeeds()' [C:\Users\david\source\repos\panoramicdata\AutoTask.Psa.Api\AutoTask.Psa.Api.Test\AutoTask.Psa.Api.Test.csproj]
C:\Users\david\source\repos\panoramicdata\AutoTask.Psa.Api\AutoTask.Psa.Api.Test\Fixture.cs(6,14): error CS1591: Missing XML comment for publicly visible type or member 'Fixture' [C:\Users\david\source\repos\panoramicdata\AutoTask.Psa.Api\AutoTask.Psa.Api.Test\AutoTask.Psa.Api.Test.csproj]
C:\Users\david\source\repos\panoramicdata\AutoTask.Psa.Api\AutoTask.Psa.Api.Test\Fixture.cs(10,26): error CS1591: Missing XML comment for publicly visible type or member 'Fixture.AddServices(IServiceCollection, IConfiguration?)' [C:\Users\david\source\repos\panoramicdata\AutoTask.Psa.Api\AutoTask.Psa.Api.Test\AutoTask.Psa.Api.Test.csproj]
C:\Users\david\source\repos\panoramicdata\AutoTask.Psa.Api\AutoTask.Psa.Api.Test\Fixture.cs(24,31): error CS1591: Missing XML comment for publicly visible type or member 'Fixture.DisposeAsyncCore()' [C:\Users\david\source\repos\panoramicdata\AutoTask.Psa.Api\AutoTask.Psa.Api.Test\AutoTask.Psa.Api.Test.csproj]
C:\Users\david\source\repos\panoramicdata\AutoTask.Psa.Api\AutoTask.Psa.Api.Test\Fixture.cs(27,50): error CS1591: Missing XML comment for publicly visible type or member 'Fixture.GetTestAppSettings()' [C:\Users\david\source\repos\panoramicdata\AutoTask.Psa.Api\AutoTask.Psa.Api.Test\AutoTask.Psa.Api.Test.csproj]
C:\Users\david\source\repos\panoramicdata\AutoTask.Psa.Api\AutoTask.Psa.Api.Test\GetJobjectTests.cs(3,14): error CS1591: Missing XML comment for publicly visible type or member 'GetJObjectTests' [C:\Users\david\source\repos\panoramicdata\AutoTask.Psa.Api\AutoTask.Psa.Api.Test\AutoTask.Psa.Api.Test.csproj]
C:\Users\david\source\repos\panoramicdata\AutoTask.Psa.Api\AutoTask.Psa.Api.Test\GetJobjectTests.cs(3,14): error CS1591: Missing XML comment for publicly visible type or member 'GetJObjectTests.GetJObjectTests(ITestOutputHelper, Fixture)' [C:\Users\david\source\repos\panoramicdata\AutoTask.Psa.Api\AutoTask.Psa.Api.Test\AutoTask.Psa.Api.Test.csproj]
C:\Users\david\source\repos\panoramicdata\AutoTask.Psa.Api\AutoTask.Psa.Api.Test\GetJobjectTests.cs(8,20): error CS1591: Missing XML comment for publicly visible type or member 'GetJObjectTests.QueryAsync_WithString_Succeeds()' [C:\Users\david\source\repos\panoramicdata\AutoTask.Psa.Api\AutoTask.Psa.Api.Test\AutoTask.Psa.Api.Test.csproj]
C:\Users\david\source\repos\panoramicdata\AutoTask.Psa.Api\AutoTask.Psa.Api.Test\TaskTests.cs(3,14): error CS1591: Missing XML comment for publicly visible type or member 'TaskTests' [C:\Users\david\source\repos\panoramicdata\AutoTask.Psa.Api\AutoTask.Psa.Api.Test\AutoTask.Psa.Api.Test.csproj]
C:\Users\david\source\repos\panoramicdata\AutoTask.Psa.Api\AutoTask.Psa.Api.Test\TaskTests.cs(3,14): error CS1591: Missing XML comment for publicly visible type or member 'TaskTests.TaskTests(ITestOutputHelper, Fixture)' [C:\Users\david\source\repos\panoramicdata\AutoTask.Psa.Api\AutoTask.Psa.Api.Test\AutoTask.Psa.Api.Test.csproj]
C:\Users\david\source\repos\panoramicdata\AutoTask.Psa.Api\AutoTask.Psa.Api.Test\TaskTests.cs(9,20): error CS1591: Missing XML comment for publicly visible type or member 'TaskTests.QueryAsync_Succeeds()' [C:\Users\david\source\repos\panoramicdata\AutoTask.Psa.Api\AutoTask.Psa.Api.Test\AutoTask.Psa.Api.Test.csproj]
C:\Users\david\source\repos\panoramicdata\AutoTask.Psa.Api\AutoTask.Psa.Api.Test\TestBase.cs(6,14): error CS1591: Missing XML comment for publicly visible type or member 'TestBase' [C:\Users\david\source\repos\panoramicdata\AutoTask.Psa.Api\AutoTask.Psa.Api.Test\AutoTask.Psa.Api.Test.csproj]
C:\Users\david\source\repos\panoramicdata\AutoTask.Psa.Api\AutoTask.Psa.Api.Test\TestBase.cs(8,24): error CS1591: Missing XML comment for publicly visible type or member 'TestBase.AutoTaskClient' [C:\Users\david\source\repos\panoramicdata\AutoTask.Psa.Api\AutoTask.Psa.Api.Test\AutoTask.Psa.Api.Test.csproj]
C:\Users\david\source\repos\panoramicdata\AutoTask.Psa.Api\AutoTask.Psa.Api.Test\TestBase.cs(10,17): error CS1591: Missing XML comment for publicly visible type or member 'TestBase.Log' [C:\Users\david\source\repos\panoramicdata\AutoTask.Psa.Api\AutoTask.Psa.Api.Test\AutoTask.Psa.Api.Test.csproj]
C:\Users\david\source\repos\panoramicdata\AutoTask.Psa.Api\AutoTask.Psa.Api.Test\TestBase.cs(12,37): error CS1591: Missing XML comment for publicly visible type or member 'TestBase.CancellationToken' [C:\Users\david\source\repos\panoramicdata\AutoTask.Psa.Api\AutoTask.Psa.Api.Test\AutoTask.Psa.Api.Test.csproj]
C:\Users\david\source\repos\panoramicdata\AutoTask.Psa.Api\AutoTask.Psa.Api.Test\TestBase.cs(14,9): error CS1591: Missing XML comment for publicly visible type or member 'TestBase.TestBase(ITestOutputHelper, Fixture)' [C:\Users\david\source\repos\panoramicdata\AutoTask.Psa.Api\AutoTask.Psa.Api.Test\AutoTask.Psa.Api.Test.csproj]
C:\Users\david\source\repos\panoramicdata\AutoTask.Psa.Api\AutoTask.Psa.Api.Test\TicketTests.cs(3,14): error CS1591: Missing XML comment for publicly visible type or member 'TicketTests' [C:\Users\david\source\repos\panoramicdata\AutoTask.Psa.Api\AutoTask.Psa.Api.Test\AutoTask.Psa.Api.Test.csproj]
C:\Users\david\source\repos\panoramicdata\AutoTask.Psa.Api\AutoTask.Psa.Api.Test\TicketTests.cs(3,14): error CS1591: Missing XML comment for publicly visible type or member 'TicketTests.TicketTests(ITestOutputHelper, Fixture)' [C:\Users\david\source\repos\panoramicdata\AutoTask.Psa.Api\AutoTask.Psa.Api.Test\AutoTask.Psa.Api.Test.csproj]
C:\Users\david\source\repos\panoramicdata\AutoTask.Psa.Api\AutoTask.Psa.Api.Test\TicketTests.cs(8,20): error CS1591: Missing XML comment for publicly visible type or member 'TicketTests.QueryAsync_WithString_Succeeds()' [C:\Users\david\source\repos\panoramicdata\AutoTask.Psa.Api\AutoTask.Psa.Api.Test\AutoTask.Psa.Api.Test.csproj]
C:\Users\david\source\repos\panoramicdata\AutoTask.Psa.Api\AutoTask.Psa.Api.Test\ApiVersionTests.cs(3,14): error CS1591: Missing XML comment for publicly visible type or member 'ApiVersionTests' [C:\Users\david\source\repos\panoramicdata\AutoTask.Psa.Api\AutoTask.Psa.Api.Test\AutoTask.Psa.Api.Test.csproj]
C:\Users\david\source\repos\panoramicdata\AutoTask.Psa.Api\AutoTask.Psa.Api.Test\ApiVersionTests.cs(3,14): error CS1591: Missing XML comment for publicly visible type or member 'ApiVersionTests.ApiVersionTests(ITestOutputHelper, Fixture)' [C:\Users\david\source\repos\panoramicdata\AutoTask.Psa.Api\AutoTask.Psa.Api.Test\AutoTask.Psa.Api.Test.csproj]
C:\Users\david\source\repos\panoramicdata\AutoTask.Psa.Api\AutoTask.Psa.Api.Test\ApiVersionTests.cs(9,20): error CS1591: Missing XML comment for publicly visible type or member 'ApiVersionTests.GetAsync_Succeeds()' [C:\Users\david\source\repos\panoramicdata\AutoTask.Psa.Api\AutoTask.Psa.Api.Test\AutoTask.Psa.Api.Test.csproj]
C:\Users\david\source\repos\panoramicdata\AutoTask.Psa.Api\AutoTask.Psa.Api.Test\Config\AppSettings.cs(3,14): error CS1591: Missing XML comment for publicly visible type or member 'AppSettings' [C:\Users\david\source\repos\panoramicdata\AutoTask.Psa.Api\AutoTask.Psa.Api.Test\AutoTask.Psa.Api.Test.csproj]
C:\Users\david\source\repos\panoramicdata\AutoTask.Psa.Api\AutoTask.Psa.Api.Test\Config\AppSettings.cs(5,14): error CS1591: Missing XML comment for publicly visible type or member 'AppSettings.ServerId' [C:\Users\david\source\repos\panoramicdata\AutoTask.Psa.Api\AutoTask.Psa.Api.Test\AutoTask.Psa.Api.Test.csproj]
C:\Users\david\source\repos\panoramicdata\AutoTask.Psa.Api\AutoTask.Psa.Api.Test\Config\AppSettings.cs(7,17): error CS1591: Missing XML comment for publicly visible type or member 'AppSettings.Username' [C:\Users\david\source\repos\panoramicdata\AutoTask.Psa.Api\AutoTask.Psa.Api.Test\AutoTask.Psa.Api.Test.csproj]
C:\Users\david\source\repos\panoramicdata\AutoTask.Psa.Api\AutoTask.Psa.Api.Test\Config\AppSettings.cs(9,17): error CS1591: Missing XML comment for publicly visible type or member 'AppSettings.Password' [C:\Users\david\source\repos\panoramicdata\AutoTask.Psa.Api\AutoTask.Psa.Api.Test\AutoTask.Psa.Api.Test.csproj]
C:\Users\david\source\repos\panoramicdata\AutoTask.Psa.Api\AutoTask.Psa.Api.Test\Config\AppSettings.cs(11,17): error CS1591: Missing XML comment for publicly visible type or member 'AppSettings.IntegrationCode' [C:\Users\david\source\repos\panoramicdata\AutoTask.Psa.Api\AutoTask.Psa.Api.Test\AutoTask.Psa.Api.Test.csproj]
C:\Users\david\source\repos\panoramicdata\AutoTask.Psa.Api\AutoTask.Psa.Api.Test\DuplicateDeletionTests.cs(5,14): error CS1591: Missing XML comment for publicly visible type or member 'DuplicateDeletionTests' [C:\Users\david\source\repos\panoramicdata\AutoTask.Psa.Api\AutoTask.Psa.Api.Test\AutoTask.Psa.Api.Test.csproj]
C:\Users\david\source\repos\panoramicdata\AutoTask.Psa.Api\AutoTask.Psa.Api.Test\DuplicateDeletionTests.cs(5,14): error CS1591: Missing XML comment for publicly visible type or member 'DuplicateDeletionTests.DuplicateDeletionTests(ITestOutputHelper, Fixture)' [C:\Users\david\source\repos\panoramicdata\AutoTask.Psa.Api\AutoTask.Psa.Api.Test\AutoTask.Psa.Api.Test.csproj]
C:\Users\david\source\repos\panoramicdata\AutoTask.Psa.Api\AutoTask.Psa.Api.Test\DuplicateDeletionTests.cs(10,20): error CS1591: Missing XML comment for publicly visible type or member 'DuplicateDeletionTests.QueryAsync_WithString_Succeeds()' [C:\Users\david\source\repos\panoramicdata\AutoTask.Psa.Api\AutoTask.Psa.Api.Test\AutoTask.Psa.Api.Test.csproj]
C:\Users\david\source\repos\panoramicdata\AutoTask.Psa.Api\AutoTask.Psa.Api.Test\Fixture.cs(6,14): error CS1591: Missing XML comment for publicly visible type or member 'Fixture' [C:\Users\david\source\repos\panoramicdata\AutoTask.Psa.Api\AutoTask.Psa.Api.Test\AutoTask.Psa.Api.Test.csproj]
C:\Users\david\source\repos\panoramicdata\AutoTask.Psa.Api\AutoTask.Psa.Api.Test\Fixture.cs(10,26): error CS1591: Missing XML comment for publicly visible type or member 'Fixture.AddServices(IServiceCollection, IConfiguration?)' [C:\Users\david\source\repos\panoramicdata\AutoTask.Psa.Api\AutoTask.Psa.Api.Test\AutoTask.Psa.Api.Test.csproj]
C:\Users\david\source\repos\panoramicdata\AutoTask.Psa.Api\AutoTask.Psa.Api.Test\Fixture.cs(24,31): error CS1591: Missing XML comment for publicly visible type or member 'Fixture.DisposeAsyncCore()' [C:\Users\david\source\repos\panoramicdata\AutoTask.Psa.Api\AutoTask.Psa.Api.Test\AutoTask.Psa.Api.Test.csproj]
C:\Users\david\source\repos\panoramicdata\AutoTask.Psa.Api\AutoTask.Psa.Api.Test\Fixture.cs(27,50): error CS1591: Missing XML comment for publicly visible type or member 'Fixture.GetTestAppSettings()' [C:\Users\david\source\repos\panoramicdata\AutoTask.Psa.Api\AutoTask.Psa.Api.Test\AutoTask.Psa.Api.Test.csproj]
C:\Users\david\source\repos\panoramicdata\AutoTask.Psa.Api\AutoTask.Psa.Api.Test\GetJobjectTests.cs(3,14): error CS1591: Missing XML comment for publicly visible type or member 'GetJObjectTests' [C:\Users\david\source\repos\panoramicdata\AutoTask.Psa.Api\AutoTask.Psa.Api.Test\AutoTask.Psa.Api.Test.csproj]
C:\Users\david\source\repos\panoramicdata\AutoTask.Psa.Api\AutoTask.Psa.Api.Test\GetJobjectTests.cs(3,14): error CS1591: Missing XML comment for publicly visible type or member 'GetJObjectTests.GetJObjectTests(ITestOutputHelper, Fixture)' [C:\Users\david\source\repos\panoramicdata\AutoTask.Psa.Api\AutoTask.Psa.Api.Test\AutoTask.Psa.Api.Test.csproj]
C:\Users\david\source\repos\panoramicdata\AutoTask.Psa.Api\AutoTask.Psa.Api.Test\GetJobjectTests.cs(8,20): error CS1591: Missing XML comment for publicly visible type or member 'GetJObjectTests.QueryAsync_WithString_Succeeds()' [C:\Users\david\source\repos\panoramicdata\AutoTask.Psa.Api\AutoTask.Psa.Api.Test\AutoTask.Psa.Api.Test.csproj]
C:\Users\david\source\repos\panoramicdata\AutoTask.Psa.Api\AutoTask.Psa.Api.Test\TaskTests.cs(3,14): error CS1591: Missing XML comment for publicly visible type or member 'TaskTests' [C:\Users\david\source\repos\panoramicdata\AutoTask.Psa.Api\AutoTask.Psa.Api.Test\AutoTask.Psa.Api.Test.csproj]
C:\Users\david\source\repos\panoramicdata\AutoTask.Psa.Api\AutoTask.Psa.Api.Test\TaskTests.cs(3,14): error CS1591: Missing XML comment for publicly visible type or member 'TaskTests.TaskTests(ITestOutputHelper, Fixture)' [C:\Users\david\source\repos\panoramicdata\AutoTask.Psa.Api\AutoTask.Psa.Api.Test\AutoTask.Psa.Api.Test.csproj]
C:\Users\david\source\repos\panoramicdata\AutoTask.Psa.Api\AutoTask.Psa.Api.Test\TaskTests.cs(9,20): error CS1591: Missing XML comment for publicly visible type or member 'TaskTests.QueryAsync_Succeeds()' [C:\Users\david\source\repos\panoramicdata\AutoTask.Psa.Api\AutoTask.Psa.Api.Test\AutoTask.Psa.Api.Test.csproj]
C:\Users\david\source\repos\panoramicdata\AutoTask.Psa.Api\AutoTask.Psa.Api.Test\TestBase.cs(6,14): error CS1591: Missing XML comment for publicly visible type or member 'TestBase' [C:\Users\david\source\repos\panoramicdata\AutoTask.Psa.Api\AutoTask.Psa.Api.Test\AutoTask.Psa.Api.Test.csproj]
C:\Users\david\source\repos\panoramicdata\AutoTask.Psa.Api\AutoTask.Psa.Api.Test\TestBase.cs(8,24): error CS1591: Missing XML comment for publicly visible type or member 'TestBase.AutoTaskClient' [C:\Users\david\source\repos\panoramicdata\AutoTask.Psa.Api\AutoTask.Psa.Api.Test\AutoTask.Psa.Api.Test.csproj]
C:\Users\david\source\repos\panoramicdata\AutoTask.Psa.Api\AutoTask.Psa.Api.Test\TestBase.cs(10,17): error CS1591: Missing XML comment for publicly visible type or member 'TestBase.Log' [C:\Users\david\source\repos\panoramicdata\AutoTask.Psa.Api\AutoTask.Psa.Api.Test\AutoTask.Psa.Api.Test.csproj]
C:\Users\david\source\repos\panoramicdata\AutoTask.Psa.Api\AutoTask.Psa.Api.Test\TestBase.cs(12,37): error CS1591: Missing XML comment for publicly visible type or member 'TestBase.CancellationToken' [C:\Users\david\source\repos\panoramicdata\AutoTask.Psa.Api\AutoTask.Psa.Api.Test\AutoTask.Psa.Api.Test.csproj]
C:\Users\david\source\repos\panoramicdata\AutoTask.Psa.Api\AutoTask.Psa.Api.Test\TestBase.cs(14,9): error CS1591: Missing XML comment for publicly visible type or member 'TestBase.TestBase(ITestOutputHelper, Fixture)' [C:\Users\david\source\repos\panoramicdata\AutoTask.Psa.Api\AutoTask.Psa.Api.Test\AutoTask.Psa.Api.Test.csproj]
C:\Users\david\source\repos\panoramicdata\AutoTask.Psa.Api\AutoTask.Psa.Api.Test\TicketTests.cs(3,14): error CS1591: Missing XML comment for publicly visible type or member 'TicketTests' [C:\Users\david\source\repos\panoramicdata\AutoTask.Psa.Api\AutoTask.Psa.Api.Test\AutoTask.Psa.Api.Test.csproj]
C:\Users\david\source\repos\panoramicdata\AutoTask.Psa.Api\AutoTask.Psa.Api.Test\TicketTests.cs(3,14): error CS1591: Missing XML comment for publicly visible type or member 'TicketTests.TicketTests(ITestOutputHelper, Fixture)' [C:\Users\david\source\repos\panoramicdata\AutoTask.Psa.Api\AutoTask.Psa.Api.Test\AutoTask.Psa.Api.Test.csproj]
C:\Users\david\source\repos\panoramicdata\AutoTask.Psa.Api\AutoTask.Psa.Api.Test\TicketTests.cs(8,20): error CS1591: Missing XML comment for publicly visible type or member 'TicketTests.QueryAsync_WithString_Succeeds()' [C:\Users\david\source\repos\panoramicdata\AutoTask.Psa.Api\AutoTask.Psa.Api.Test\AutoTask.Psa.Api.Test.csproj]
