  Determining projects to restore...
  All projects are up-to-date for restore.
C:\Program Files\dotnet\sdk\10.0.300-preview.0.26177.108\Sdks\Microsoft.NET.Sdk\targets\Microsoft.NET.RuntimeIdentifierInference.targets(383,5): message NETSDK1057: You are using a preview version of .NET. See: https://aka.ms/dotnet-support-policy [C:\Users\david\source\repos\panoramicdata\AutoTask.Psa.Api\AutoTask.Psa.Api\AutoTask.Psa.Api.csproj]
C:\Program Files\dotnet\sdk\10.0.300-preview.0.26177.108\Sdks\Microsoft.NET.Sdk\targets\Microsoft.NET.RuntimeIdentifierInference.targets(383,5): message NETSDK1057: You are using a preview version of .NET. See: https://aka.ms/dotnet-support-policy [C:\Users\david\source\repos\panoramicdata\AutoTask.Psa.Api\AutoTask.Psa.Api.Test\AutoTask.Psa.Api.Test.csproj]
  AutoTask.Psa.Api -> C:\Users\david\source\repos\panoramicdata\AutoTask.Psa.Api\AutoTask.Psa.Api\bin\Debug\net10.0\AutoTask.Psa.Api.dll
  AutoTask.Psa.Api.Test -> C:\Users\david\source\repos\panoramicdata\AutoTask.Psa.Api\AutoTask.Psa.Api.Test\bin\Debug\net10.0\AutoTask.Psa.Api.Test.dll

Build succeeded.
    0 Warning(s)
    0 Error(s)

Time Elapsed 00:00:04.79
